start: Building BackendStack Template
success: Built BackendStack Template
start: Publishing BackendStack Template (current_account-current_region-eaa28cf6)
success: Published BackendStack Template (current_account-current_region-eaa28cf6)
Hold on while we create a read-only change set to get a diff with accurate replacement information (use --no-change-set to use a less accurate but faster template-only diff)

Stack BackendStack
Resources
[~] AWS::Lambda::Function PresignedUrlHandler PresignedUrlHandlerCE41074B
 └─ [~] Code
     └─ [~] .S3Key:
         ├─ [-] 36f119fd38f2723e6ed295f851d0db3bb68a99a77092403a2118f5d270aff212.zip
         └─ [+] db2b266dba5430bb7ad91cb60713efa461735773b98bfbc281c8a6f493e40070.zip



✨  Number of stacks with differences: 1


NOTICES         (What's this? https://github.com/aws/aws-cdk/wiki/CLI-Notices)

37013	(cli) cdk watch triggers deployment unexpectedly or not at all

	Overview: Do not use 'cdk watch' with this version of the cdk cli.
	          Upgrade to ^2.1106.0.

	Affected versions: cli: >=2.1103.0 <2.1106.0

	More information at: https://github.com/aws/aws-cdk/issues/37013


34892	CDK CLI collects telemetry data on command usage starting at version 2.1100.0 (unless opted out)

	Overview: We do not collect customer content and we anonymize the
	          telemetry we do collect. See the attached issue for more
	          information on what data is collected, why, and how to
	          opt-out. Telemetry will NOT be collected for any CDK CLI
	          version prior to version 2.1100.0 - regardless of
	          opt-in/out. You can also view the telemetry we collect by
	          logging it to a local file, by adding
	          `--telemetry-file=my/local/file` to any `cdk` command.

	Affected versions: cli: >=2.1100.0 <2.1106.1

	More information at: https://github.com/aws/aws-cdk/issues/34892


If you don’t want to see a notice anymore, use "cdk acknowledge <id>". For example, "cdk acknowledge 37013".
